
> rr7@ build C:\Users\n.andrianaritsalama\Desktop\Malitix\RR7
> react-router build

[36mvite v7.3.1 [32mbuilding client environment for production...[36m[39m
transforming...
[32mÔ£ô[39m 2141 modules transformed.
rendering chunks...
computing gzip size...
[2mbuild/client/[22m[32m.vite/manifest.json                       [39m[1m[2m 13.44 kB[22m[1m[22m[2m Ôöé gzip:  1.75 kB[22m
[2mbuild/client/[22m[35massets/mobile-app-26RXKxL3.css            [39m[1m[2m  2.08 kB[22m[1m[22m[2m Ôöé gzip:  0.60 kB[22m
[2mbuild/client/[22m[35massets/root-BT97NarS.css                  [39m[1m[2m 93.36 kB[22m[1m[22m[2m Ôöé gzip: 13.82 kB[22m
[2mbuild/client/[22m[36massets/clock-CJmQnIJY.js                  [39m[1m[2m  0.17 kB[22m[1m[22m[2m Ôöé gzip:  0.17 kB[22m
[2mbuild/client/[22m[36massets/arrow-right-CTDY719n.js            [39m[1m[2m  0.17 kB[22m[1m[22m[2m Ôöé gzip:  0.16 kB[22m
[2mbuild/client/[22m[36massets/circle-check-C4BMvVPR.js           [39m[1m[2m  0.18 kB[22m[1m[22m[2m Ôöé gzip:  0.17 kB[22m
[2mbuild/client/[22m[36massets/trending-up-DY8TnSr3.js            [39m[1m[2m  0.18 kB[22m[1m[22m[2m Ôöé gzip:  0.17 kB[22m
[2mbuild/client/[22m[36massets/user-S_XxIjqF.js                   [39m[1m[2m  0.19 kB[22m[1m[22m[2m Ôöé gzip:  0.18 kB[22m
[2mbuild/client/[22m[36massets/lock-BrmGg16h.js                   [39m[1m[2m  0.20 kB[22m[1m[22m[2m Ôöé gzip:  0.19 kB[22m
[2mbuild/client/[22m[36massets/code-xml-CfNiqV2j.js               [39m[1m[2m  0.21 kB[22m[1m[22m[2m Ôöé gzip:  0.18 kB[22m
[2mbuild/client/[22m[36massets/target-CR2mSJAN.js                 [39m[1m[2m  0.22 kB[22m[1m[22m[2m Ôöé gzip:  0.16 kB[22m
[2mbuild/client/[22m[36massets/zap-5kT_2Uo2.js                    [39m[1m[2m  0.26 kB[22m[1m[22m[2m Ôöé gzip:  0.21 kB[22m
[2mbuild/client/[22m[36massets/triangle-alert-bWAgfF_j.js         [39m[1m[2m  0.27 kB[22m[1m[22m[2m Ôöé gzip:  0.21 kB[22m
[2mbuild/client/[22m[36massets/shield-0mQj6GAH.js                 [39m[1m[2m  0.27 kB[22m[1m[22m[2m Ôöé gzip:  0.22 kB[22m
[2mbuild/client/[22m[36massets/award-1HbrCzOh.js                  [39m[1m[2m  0.27 kB[22m[1m[22m[2m Ôöé gzip:  0.22 kB[22m
[2mbuild/client/[22m[36massets/users-DqacBtuT.js                  [39m[1m[2m  0.31 kB[22m[1m[22m[2m Ôöé gzip:  0.23 kB[22m
[2mbuild/client/[22m[36massets/building-2-1q48-GSn.js             [39m[1m[2m  0.39 kB[22m[1m[22m[2m Ôöé gzip:  0.24 kB[22m
[2mbuild/client/[22m[36massets/quote-DvbW3LM7.js                  [39m[1m[2m  0.39 kB[22m[1m[22m[2m Ôöé gzip:  0.20 kB[22m
[2mbuild/client/[22m[36massets/rocket-CLVmJP40.js                 [39m[1m[2m  0.45 kB[22m[1m[22m[2m Ôöé gzip:  0.31 kB[22m
[2mbuild/client/[22m[36massets/seo-DY1G1UGe.js                    [39m[1m[2m  0.59 kB[22m[1m[22m[2m Ôöé gzip:  0.28 kB[22m
[2mbuild/client/[22m[36massets/trending-down-B1txsV51.js          [39m[1m[2m  0.66 kB[22m[1m[22m[2m Ôöé gzip:  0.37 kB[22m
[2mbuild/client/[22m[36massets/sparkles-BS3uu51f.js               [39m[1m[2m  0.69 kB[22m[1m[22m[2m Ôöé gzip:  0.37 kB[22m
[2mbuild/client/[22m[36massets/preload-helper-BXl3LOEh.js         [39m[1m[2m  1.11 kB[22m[1m[22m[2m Ôöé gzip:  0.65 kB[22m
[2mbuild/client/[22m[36massets/_-DjTKXIDf.js                      [39m[1m[2m  1.12 kB[22m[1m[22m[2m Ôöé gzip:  0.59 kB[22m
[2mbuild/client/[22m[36massets/ThemeContext-DDLaMaGn.js           [39m[1m[2m  1.32 kB[22m[1m[22m[2m Ôöé gzip:  0.61 kB[22m
[2mbuild/client/[22m[36massets/CustomDevStack-CCesRmUn.js         [39m[1m[2m  2.33 kB[22m[1m[22m[2m Ôöé gzip:  1.01 kB[22m
[2mbuild/client/[22m[36massets/root-C3Ba3wvo.js                   [39m[1m[2m  2.53 kB[22m[1m[22m[2m Ôöé gzip:  1.19 kB[22m
[2mbuild/client/[22m[36massets/CustomDevTestimonials-BKweZr4_.js  [39m[1m[2m  3.14 kB[22m[1m[22m[2m Ôöé gzip:  1.32 kB[22m
[2mbuild/client/[22m[36massets/CustomDevSolution-DCzoJF-N.js      [39m[1m[2m  3.92 kB[22m[1m[22m[2m Ôöé gzip:  1.75 kB[22m
[2mbuild/client/[22m[36massets/CustomDevGuarantee-MVgv3pkl.js     [39m[1m[2m  3.93 kB[22m[1m[22m[2m Ôöé gzip:  1.66 kB[22m
[2mbuild/client/[22m[36massets/legal-notice-CKmUb9Vp.js           [39m[1m[2m  4.15 kB[22m[1m[22m[2m Ôöé gzip:  1.47 kB[22m
[2mbuild/client/[22m[36massets/CustomDevCTA-Bi8SEFvv.js           [39m[1m[2m  4.19 kB[22m[1m[22m[2m Ôöé gzip:  1.74 kB[22m
[2mbuild/client/[22m[36massets/CTASection-DPauKD1l.js             [39m[1m[2m  5.91 kB[22m[1m[22m[2m Ôöé gzip:  2.25 kB[22m
[2mbuild/client/[22m[36massets/TrustStats-j4SjKGZf.js             [39m[1m[2m  6.85 kB[22m[1m[22m[2m Ôöé gzip:  2.44 kB[22m
[2mbuild/client/[22m[36massets/privacy-policy-mLzmwftr.js         [39m[1m[2m  8.29 kB[22m[1m[22m[2m Ôöé gzip:  2.40 kB[22m
[2mbuild/client/[22m[36massets/ServicesSection-DejQEuIA.js        [39m[1m[2m  8.53 kB[22m[1m[22m[2m Ôöé gzip:  1.73 kB[22m
[2mbuild/client/[22m[36massets/SprintTestimonials-CTa_nSBf.js     [39m[1m[2m 10.88 kB[22m[1m[22m[2m Ôöé gzip:  4.58 kB[22m
[2mbuild/client/[22m[36massets/home-DmFjQWuK.js                   [39m[1m[2m 11.61 kB[22m[1m[22m[2m Ôöé gzip:  3.06 kB[22m
[2mbuild/client/[22m[36massets/custom-dev-B6X5o8oC.js             [39m[1m[2m 15.58 kB[22m[1m[22m[2m Ôöé gzip:  4.21 kB[22m
[2mbuild/client/[22m[36massets/Layout-l7kAs5ZT.js                 [39m[1m[2m 18.38 kB[22m[1m[22m[2m Ôöé gzip:  5.83 kB[22m
[2mbuild/client/[22m[36massets/submitContact-v3HrG8fX.js          [39m[1m[2m 27.18 kB[22m[1m[22m[2m Ôöé gzip: 10.39 kB[22m
[2mbuild/client/[22m[36massets/mobile-app-0OvPDhXX.js             [39m[1m[2m 28.78 kB[22m[1m[22m[2m Ôöé gzip:  6.86 kB[22m
[2mbuild/client/[22m[36massets/sprint-Bv0g9Uu1.js                 [39m[1m[2m 33.29 kB[22m[1m[22m[2m Ôöé gzip:  9.13 kB[22m
[2mbuild/client/[22m[36massets/si-refonte-DsTtqU1g.js             [39m[1m[2m 34.73 kB[22m[1m[22m[2m Ôöé gzip:  8.21 kB[22m
[2mbuild/client/[22m[36massets/proxy-D2-gfE_J.js                  [39m[1m[2m114.76 kB[22m[1m[22m[2m Ôöé gzip: 37.65 kB[22m
[2mbuild/client/[22m[36massets/chunk-EPOLDU6W-23FTh1oj.js         [39m[1m[2m123.52 kB[22m[1m[22m[2m Ôöé gzip: 41.74 kB[22m
[2mbuild/client/[22m[36massets/entry.client-CYrNl6WY.js           [39m[1m[2m190.41 kB[22m[1m[22m[2m Ôöé gzip: 60.01 kB[22m
[32mÔ£ô built in 10.70s[39m
[36mvite v7.3.1 [32mbuilding ssr environment for production...[36m[39m
transforming...
[32mÔ£ô[39m 60 modules transformed.
rendering chunks...
[2mbuild/server/[22m[32m.vite/manifest.json                       [39m[1m[2m  3.47 kB[22m[1m[22m
[2mbuild/server/[22m[35massets/server-build-CSUGmhiY.css          [39m[1m[2m 95.44 kB[22m[1m[22m
[2mbuild/server/[22m[36mindex.js                                  [39m[1m[2m  0.58 kB[22m[1m[22m
[2mbuild/server/[22m[36massets/CustomDevStack-EQO21D0R.js         [39m[1m[2m  3.16 kB[22m[1m[22m
[2mbuild/server/[22m[36massets/CustomDevTestimonials-dl1400u3.js  [39m[1m[2m  4.56 kB[22m[1m[22m
[2mbuild/server/[22m[36massets/CustomDevGuarantee-BgCG35Qu.js     [39m[1m[2m  4.59 kB[22m[1m[22m
[2mbuild/server/[22m[36massets/CustomDevSolution-CZSy1l7u.js      [39m[1m[2m  5.22 kB[22m[1m[22m
[2mbuild/server/[22m[36massets/CustomDevCTA-BWNpUWCz.js           [39m[1m[2m  7.13 kB[22m[1m[22m
[2mbuild/server/[22m[36massets/CTASection-Tr-rnfWB.js             [39m[1m[2m  9.23 kB[22m[1m[22m
[2mbuild/server/[22m[36massets/TrustStats-yxfN9cAb.js             [39m[1m[2m  9.81 kB[22m[1m[22m
[2mbuild/server/[22m[36massets/ServicesSection-ZYIJWPZG.js        [39m[1m[2m 10.64 kB[22m[1m[22m
[2mbuild/server/[22m[36massets/SprintTestimonials-BeNQGaXY.js     [39m[1m[2m 10.88 kB[22m[1m[22m
[2mbuild/server/[22m[36massets/server-build-E4d_Brqs.js           [39m[1m[2m240.38 kB[22m[1m[22m

[32mÔ£ô[39m 1 asset cleaned from React Router server build.
[2mbuild\server\assets\server-build-CSUGmhiY.css[22m
[32mÔ£ô[39m 1 asset moved from React Router server build to client assets.
[2mbuild\client\assets\server-build-CSUGmhiY.css[22m

[32mÔ£ô built in 1.33s[39m
